['.']
list index out of range
Using fortio to read
Long records not found in  ./O_DS2_WFK


 ----------INFORMATION ABOUT THE UNIT CELL----------- 


Primitive vectors : 
 [[ 4.29723723  2.48101107  7.46567804]
 [-4.29723723  2.48101107  7.46567804]
 [ 0.         -4.96202214  7.46567804]] 
 Atomic positions: 
 [[0.763 0.763 0.763]
 [0.237 0.237 0.237]] 
 Atom type indices: 
 [1 1]
 Reciprocal lattice:
 [[ 0.73107266  0.422085    0.28053649]
 [-0.73107266  0.422085    0.28053649]
 [ 0.         -0.84417     0.28053649]]
Reading symmetries from tables
refUC was specified in CLI, but shiftUC was not. Taking shiftUC=(0,0,0).

The cell transformation is given by: 
        |   0.0000 -1.0000  1.0000 |
refUC = |   1.0000  0.0000 -1.0000 |    shiftUC = [0. 0. 0.]
        |  -1.0000 -1.0000 -1.0000 |

Lattice vectors of DFT (a) and reference (c) cells:
a(0)=[  4.2972  2.4810  7.4657 ]    c(0)=[  4.2972 -7.4430  0.0000 ]
a(1)=[ -4.2972  2.4810  7.4657 ]    c(1)=[  4.2972  7.4430  0.0000 ]
a(2)=[  0.0000 -4.9620  7.4657 ]    c(2)=[  0.0000  0.0000-22.3970 ]
Efermi: 0.0000 eV
lattice vectors:
 [[ 4.29723723  2.48101107  7.46567804]
 [-4.29723723  2.48101107  7.46567804]
 [ 0.         -4.96202214  7.46567804]]
WFK contains 1 k-points and 12 bands.
 Saving 5 bands starting from 1 in the output
Energy cutoff in WFK file :  350.0000275252448
Energy cutoff reduced to :  50.0
Reading k-point 0
Found cutoff:   350.000028 eV   Largest plane wave energy in K-point    1:   349.471023 eV


 ---------- INFORMATION ABOUT THE SPACE GROUP ---------- 


Space group R-3m (# 166) has 12 symmetry operations  

 ### 1 

rotation : |  1   0   0 |     rotation : |  1   0   0 |
           |  0   1   0 |      (refUC)   |  0   1   0 |
           |  0   0   1 |                |  0   0   1 |


 gk = [kx, ky, kz]  |   refUC:  gk = [kx, ky, kz]

translation         :  [   0.0000   0.0000   0.0000 ] 
translation (refUC) :  [   0.0000   0.0000   0.0000 ] 

axis: [0.       0.242536 0.970143] ; angle =  0 , inversion : False


 ### 2 

rotation : |  0   0   1 |     rotation : |  0  -1   0 |
           |  1   0   0 |      (refUC)   |  1  -1   0 |
           |  0   1   0 |                |  0   0   1 |


 gk = [kz, kx, ky]  |   refUC:  gk = [-kx-ky, kx, kz]

translation         :  [   0.0000   0.0000   0.0000 ] 
translation (refUC) :  [   0.0000   0.0000   0.0000 ] 

axis: [0. 0. 1.] ; angle = 2/3 pi, inversion : False


 ### 3 

rotation : |  0   1   0 |     rotation : | -1   1   0 |
           |  0   0   1 |      (refUC)   | -1   0   0 |
           |  1   0   0 |                |  0   0   1 |


 gk = [ky, kz, kx]  |   refUC:  gk = [ky, -kx-ky, kz]

translation         :  [   0.0000   0.0000   0.0000 ] 
translation (refUC) :  [   0.0000   0.0000   0.0000 ] 

axis: [-0.  0.  1.] ; angle = -2/3 pi, inversion : False


 ### 4 

rotation : |  0  -1   0 |     rotation : |  0   1   0 |
           | -1   0   0 |      (refUC)   |  1   0   0 |
           |  0   0  -1 |                |  0   0  -1 |


 gk = [-ky, -kx, -kz]  |   refUC:  gk = [ky, kx, -kz]

translation         :  [   0.0000   0.0000   0.0000 ] 
translation (refUC) :  [   0.0000   0.0000   0.0000 ] 

axis: [1. 0. 0.] ; angle = 1 pi, inversion : False


 ### 5 

rotation : | -1   0   0 |     rotation : |  1  -1   0 |
           |  0   0  -1 |      (refUC)   |  0  -1   0 |
           |  0  -1   0 |                |  0   0  -1 |


 gk = [-kx, -kz, -ky]  |   refUC:  gk = [kx, -kx-ky, -kz]

translation         :  [   0.0000   0.0000   0.0000 ] 
translation (refUC) :  [   0.0000   0.0000   0.0000 ] 

axis: [ 0.5      -0.866025  0.      ] ; angle = 1 pi, inversion : False


 ### 6 

rotation : |  0   0  -1 |     rotation : | -1   0   0 |
           |  0  -1   0 |      (refUC)   | -1   1   0 |
           | -1   0   0 |                |  0   0  -1 |


 gk = [-kz, -ky, -kx]  |   refUC:  gk = [-kx-ky, ky, -kz]

translation         :  [   0.0000   0.0000   0.0000 ] 
translation (refUC) :  [   0.0000   0.0000   0.0000 ] 

axis: [-0.5      -0.866025  0.      ] ; angle = 1 pi, inversion : False


 ### 7 

rotation : | -1   0   0 |     rotation : | -1   0   0 |
           |  0  -1   0 |      (refUC)   |  0  -1   0 |
           |  0   0  -1 |                |  0   0  -1 |


 gk = [-kx, -ky, -kz]  |   refUC:  gk = [-kx, -ky, -kz]

translation         :  [   0.0000   0.0000   0.0000 ] 
translation (refUC) :  [   0.0000   0.0000   0.0000 ] 

axis: [ 0.       -0.242536  0.970143] ; angle =  0 , inversion : True


 ### 8 

rotation : |  0   0  -1 |     rotation : |  0   1   0 |
           | -1   0   0 |      (refUC)   | -1   1   0 |
           |  0  -1   0 |                |  0   0  -1 |


 gk = [-kz, -kx, -ky]  |   refUC:  gk = [kx+ky, -kx, -kz]

translation         :  [   0.0000   0.0000   0.0000 ] 
translation (refUC) :  [   0.0000   0.0000   0.0000 ] 

axis: [0. 0. 1.] ; angle = 2/3 pi, inversion : True


 ### 9 

rotation : |  0  -1   0 |     rotation : |  1  -1   0 |
           |  0   0  -1 |      (refUC)   |  1   0   0 |
           | -1   0   0 |                |  0   0  -1 |


 gk = [-ky, -kz, -kx]  |   refUC:  gk = [-ky, kx+ky, -kz]

translation         :  [   0.0000   0.0000   0.0000 ] 
translation (refUC) :  [   0.0000   0.0000   0.0000 ] 

axis: [-0.  0.  1.] ; angle = -2/3 pi, inversion : True


 ### 10 

rotation : |  0   1   0 |     rotation : |  0  -1   0 |
           |  1   0   0 |      (refUC)   | -1   0   0 |
           |  0   0   1 |                |  0   0   1 |


 gk = [ky, kx, kz]  |   refUC:  gk = [-ky, -kx, kz]

translation         :  [   0.0000   0.0000   0.0000 ] 
translation (refUC) :  [   0.0000   0.0000   0.0000 ] 

axis: [1. 0. 0.] ; angle = 1 pi, inversion : True


 ### 11 

rotation : |  1   0   0 |     rotation : | -1   1   0 |
           |  0   0   1 |      (refUC)   |  0   1   0 |
           |  0   1   0 |                |  0   0   1 |


 gk = [kx, kz, ky]  |   refUC:  gk = [-kx, kx+ky, kz]

translation         :  [   0.0000   0.0000   0.0000 ] 
translation (refUC) :  [   0.0000   0.0000   0.0000 ] 

axis: [-0.5       0.866025  0.      ] ; angle = 1 pi, inversion : True


 ### 12 

rotation : |  0   0   1 |     rotation : |  1   0   0 |
           |  0   1   0 |      (refUC)   |  1  -1   0 |
           |  1   0   0 |                |  0   0   1 |


 gk = [kz, ky, kx]  |   refUC:  gk = [kx+ky, -ky, kz]

translation         :  [   0.0000   0.0000   0.0000 ] 
translation (refUC) :  [   0.0000   0.0000   0.0000 ] 

axis: [0.5      0.866025 0.      ] ; angle = 1 pi, inversion : True

Reading symmetries from tables


 k-point   1 : [0. 0. 0.] (in DFT cell)
               [0. 0. 0.] (after cell trasformation)

 number of states : 5

   Energy  |   degeneracy  |   irreps   | sym. operations  
           |               |            |     1        2        3        4        5        6        7        8        9       10       11       12    
 -16.6407  |        2      | GM3+(1.0)  |   2.0000  -1.0000  -1.0000   0.0000  -0.0000   0.0000   2.0000  -1.0000  -1.0000   0.0000  -0.0000   0.0000
 -16.5005  |        2      | GM3-(1.0)  |   2.0000  -1.0000  -1.0000  -0.0000   0.0000   0.0000  -2.0000   1.0000   1.0000   0.0000  -0.0000  -0.0000
 -16.4967  |        1      | GM2-(1.0)  |   1.0000   1.0000   1.0000  -1.0000  -1.0000  -1.0000  -1.0000  -1.0000  -1.0000   1.0000   1.0000   1.0000
inversion is # 7
number of inversions-odd states :  3
Gap with upper bands :  0.16657717275943895
number of inversions-odd states :  3
Minimal direct gap: 0.16657717275943895  eV
indirect  gap: 0.16657717275943895  eV
